python : Traceback (most 
recent call last):
At line:1 char:1
+ python manage.py check > 
error_log.txt 2>&1
+ ~~~~~~~~~~~~~~~~~~~~~~~~~~~
~~~~~~~~~~~~~~~~
    + CategoryInfo           
   : NotSpecified: (Traceba  
  ck (most recent call las   
 t)::String) [], RemoteEx    
ception
    + FullyQualifiedErrorId  
   : NativeCommandError
 
  File "C:\Users\HP\Documents
\myproject-main\myproject\bac
kend\manage.py", line 22, in 
<module>
    main()
    ~~~~^^
  File "C:\Users\HP\Documents
\myproject-main\myproject\bac
kend\manage.py", line 18, in 
main
    execute_from_command_line
(sys.argv)
    ~~~~~~~~~~~~~~~~~~~~~~~~~
^^^^^^^^^^
  File "C:\Users\HP\AppData\L
ocal\Programs\Python\Python31
3\Lib\site-packages\django\co
re\management\__init__.py", 
line 442, in 
execute_from_command_line
    utility.execute()
    ~~~~~~~~~~~~~~~^^
  File "C:\Users\HP\AppData\L
ocal\Programs\Python\Python31
3\Lib\site-packages\django\co
re\management\__init__.py", 
line 436, in execute
    self.fetch_command(subcom
mand).run_from_argv(self.argv
)
    ~~~~~~~~~~~~~~~~~~~~~~~~~
~~~~~~~~~~~~~~~~~~~^^^^^^^^^^
^
  File "C:\Users\HP\AppData\L
ocal\Programs\Python\Python31
3\Lib\site-packages\django\co
re\management\base.py", line 
416, in run_from_argv
    self.execute(*args, 
**cmd_options)
    ~~~~~~~~~~~~^^^^^^^^^^^^^
^^^^^^^^^
  File "C:\Users\HP\AppData\L
ocal\Programs\Python\Python31
3\Lib\site-packages\django\co
re\management\base.py", line 
460, in execute
    output = 
self.handle(*args, **options)
  File "C:\Users\HP\AppData\L
ocal\Programs\Python\Python31
3\Lib\site-packages\django\co
re\management\commands\check.
py", line 81, in handle
    self.check(
    ~~~~~~~~~~^
        
app_configs=app_configs,
        
^^^^^^^^^^^^^^^^^^^^^^^^
    ...<4 lines>...
        databases=options["da
tabases"],
        ^^^^^^^^^^^^^^^^^^^^^
^^^^^^^^^^
    )
    ^
  File "C:\Users\HP\AppData\L
ocal\Programs\Python\Python31
3\Lib\site-packages\django\co
re\management\base.py", line 
492, in check
    all_issues = 
checks.run_checks(
        
app_configs=app_configs,
    ...<2 lines>...
        databases=databases,
    )
  File "C:\Users\HP\AppData\L
ocal\Programs\Python\Python31
3\Lib\site-packages\django\co
re\checks\registry.py", line 
89, in run_checks
    new_errors = check(app_co
nfigs=app_configs, 
databases=databases)
  File "C:\Users\HP\AppData\L
ocal\Programs\Python\Python31
3\Lib\site-packages\django\co
re\checks\urls.py", line 16, 
in check_url_config
    return 
check_resolver(resolver)
  File "C:\Users\HP\AppData\L
ocal\Programs\Python\Python31
3\Lib\site-packages\django\co
re\checks\urls.py", line 26, 
in check_resolver
    return check_method()
  File "C:\Users\HP\AppData\L
ocal\Programs\Python\Python31
3\Lib\site-packages\django\ur
ls\resolvers.py", line 531, 
in check
    for pattern in 
self.url_patterns:
                   
^^^^^^^^^^^^^^^^^
  File "C:\Users\HP\AppData\L
ocal\Programs\Python\Python31
3\Lib\site-packages\django\ut
ils\functional.py", line 47, 
in __get__
    res = 
instance.__dict__[self.name] 
= self.func(instance)
                             
            
~~~~~~~~~^^^^^^^^^^
  File "C:\Users\HP\AppData\L
ocal\Programs\Python\Python31
3\Lib\site-packages\django\ur
ls\resolvers.py", line 718, 
in url_patterns
    patterns = 
getattr(self.urlconf_module, 
"urlpatterns", 
self.urlconf_module)
                       
^^^^^^^^^^^^^^^^^^^
  File "C:\Users\HP\AppData\L
ocal\Programs\Python\Python31
3\Lib\site-packages\django\ut
ils\functional.py", line 47, 
in __get__
    res = 
instance.__dict__[self.name] 
= self.func(instance)
                             
            
~~~~~~~~~^^^^^^^^^^
  File "C:\Users\HP\AppData\L
ocal\Programs\Python\Python31
3\Lib\site-packages\django\ur
ls\resolvers.py", line 711, 
in urlconf_module
    return import_module(self
.urlconf_name)
  File "C:\Users\HP\AppData\L
ocal\Programs\Python\Python31
3\Lib\importlib\__init__.py",
 line 88, in import_module
    return _bootstrap._gcd_im
port(name[level:], package, 
level)
           ~~~~~~~~~~~~~~~~~~
~~~~^^^^^^^^^^^^^^^^^^^^^^^^^
^^^^^
  File "<frozen 
importlib._bootstrap>", line 
1387, in _gcd_import
  File "<frozen 
importlib._bootstrap>", line 
1360, in _find_and_load
  File "<frozen 
importlib._bootstrap>", line 
1331, in 
_find_and_load_unlocked
  File "<frozen 
importlib._bootstrap>", line 
935, in _load_unlocked
  File "<frozen importlib._bo
otstrap_external>", line 
1026, in exec_module
  File "<frozen 
importlib._bootstrap>", line 
488, in 
_call_with_frames_removed
  File "C:\Users\HP\Documents
\myproject-main\myproject\bac
kend\myproject\urls.py", 
line 14, in <module>
    path('', 
include('myapp.urls')), # 
\u2705 Include app URLs
             
~~~~~~~^^^^^^^^^^^^^^
  File "C:\Users\HP\AppData\L
ocal\Programs\Python\Python31
3\Lib\site-packages\django\ur
ls\conf.py", line 39, in 
include
    urlconf_module = 
import_module(urlconf_module)
  File "C:\Users\HP\AppData\L
ocal\Programs\Python\Python31
3\Lib\importlib\__init__.py",
 line 88, in import_module
    return _bootstrap._gcd_im
port(name[level:], package, 
level)
           ~~~~~~~~~~~~~~~~~~
~~~~^^^^^^^^^^^^^^^^^^^^^^^^^
^^^^^
  File "<frozen 
importlib._bootstrap>", line 
1387, in _gcd_import
  File "<frozen 
importlib._bootstrap>", line 
1360, in _find_and_load
  File "<frozen 
importlib._bootstrap>", line 
1331, in 
_find_and_load_unlocked
  File "<frozen 
importlib._bootstrap>", line 
935, in _load_unlocked
  File "<frozen importlib._bo
otstrap_external>", line 
1026, in exec_module
  File "<frozen 
importlib._bootstrap>", line 
488, in 
_call_with_frames_removed
  File "C:\Users\HP\Documents
\myproject-main\myproject\bac
kend\myapp\urls.py", line 
50, in <module>
    
path('api/admin/products/', 
views.admin_products_list, 
name='admin_products_list'),
                             
   ^^^^^^^^^^^^^^^^^^^^^^^^^
AttributeError: module 
'myapp.views' has no 
attribute 
'admin_products_list'
